// Jest Snapshot v1, https://goo.gl/fbAQLP

exports[`renders correctly 1`] = `
<div
  className=""
>
  <div>
    <p
      className=""
    >
       8:00
    </p>
    <div
      className=""
      data-study={true}
    >
      <div
        className="row"
      >
        <div
          className="label"
        >
          1
          .
        </div>
        <div
          className=""
        >
           9:20
           - 
          11:00
        </div>
        <div
          className=""
        />
        <div
          className=""
        >
          <div
            className=""
            color="gray"
          >
            <div>
              Fin
            </div>
          </div>
        </div>
      </div>
      <div
        className=""
      >
        <div
          className=""
        />
      </div>
    </div>
    <div
      className=""
      data-study={true}
    >
      <div
        className="row"
      >
        <div
          className="label"
        >
          2
          .
        </div>
        <div
          className=""
        >
          11:10
           - 
          12:50
        </div>
        <div
          className=""
        />
        <div
          className=""
        >
          <div
            className=""
            color="gray"
          >
            <div>
              Fin
            </div>
          </div>
        </div>
      </div>
      <div
        className=""
      >
        <div
          className=""
        />
      </div>
    </div>
    <div
      className=""
      data-study={false}
    >
      <div
        className="row"
      >
        <div
          className="label"
        >
          3
          .
        </div>
        <div
          className=""
        >
          13:40
           - 
          15:20
        </div>
        <div
          className=""
        >
          <span>
            (
            25
            min)
          </span>
        </div>
        <div
          className=""
        >
          <div
            className=""
            color="#ebe971"
          >
            <div>
              Now
            </div>
          </div>
        </div>
      </div>
      <div
        className=""
      >
        <div
          className=""
        />
      </div>
    </div>
    <div
      className=""
      data-study={true}
    >
      <div
        className="row"
      >
        <div
          className="label"
        >
          4
          .
        </div>
        <div
          className=""
        >
          15:30
           - 
          17:10
        </div>
        <div
          className=""
        />
        <div
          className=""
        >
          <div
            className=""
            color="black"
          >
            <div>
              
            </div>
          </div>
        </div>
      </div>
      <div
        className=""
      >
        <div
          className=""
        />
      </div>
    </div>
    <div
      className=""
      data-study={false}
    >
      <div
        className="row"
      >
        <div
          className="label"
        >
          5
          .
        </div>
        <div
          className=""
        >
          17:20
           - 
          19:00
        </div>
        <div
          className=""
        />
        <div
          className=""
        >
          <div
            className=""
            color="black"
          >
            <div>
              
            </div>
          </div>
        </div>
      </div>
      <div
        className=""
      >
        <div
          className=""
        />
      </div>
    </div>
    <div
      className=""
      data-study={true}
    >
      <div
        className="row"
      >
        <div
          className="label"
        >
          d5
          .
        </div>
        <div
          className=""
        >
          18:00
           - 
          19:40
        </div>
        <div
          className=""
        />
        <div
          className=""
        >
          <div
            className=""
            color="black"
          >
            <div>
              
            </div>
          </div>
        </div>
      </div>
      <div
        className=""
      >
        <div
          className=""
        />
      </div>
    </div>
    <div
      className=""
      data-study={false}
    >
      <div
        className="row"
      >
        <div
          className="label"
        >
          d6
          .
        </div>
        <div
          className=""
        >
          19:50
           - 
          21:30
        </div>
        <div
          className=""
        />
        <div
          className=""
        >
          <div
            className=""
            color="black"
          >
            <div>
              
            </div>
          </div>
        </div>
      </div>
      <div
        className=""
      >
        <div
          className=""
        />
      </div>
    </div>
    <p
      className=""
    >
      閉館 22:30
    </p>
  </div>
</div>
`;
