// Jest Snapshot v1, https://goo.gl/fbAQLP

exports[`renders correctly 1`] = `
<div
  className="sc-iwsKbI bpCJVP"
>
  <div
    className="sc-gZMcBi faJkAP"
  >
    <p>
      開館 08:00
    </p>
    <div
      className="sc-htpNat KjgwS"
      data-nextspace={false}
    >
      <div
        className="sc-bxivhb gmmjKU"
      >
        <div
          className="sc-htoDjs jqJPFL"
        >
          1
          .
        </div>
        <div
          className="sc-ifAKCX hbvzua"
        >
          09:20
           - 
          11:00
        </div>
        <div
          className="sc-EHOje jZdre"
        />
        <div
          className="sc-bZQynM gFbXoq"
        >
          <div
            className="sc-gzVnrw bgGAJS"
          >
            <div
              className="sc-dnqmqq fiwbuD"
              color="gray"
            >
              Fin
            </div>
          </div>
        </div>
      </div>
      <div
        className="sc-bdVaJa hgiEXr"
      >
        <div
          className="sc-bwzfXH ccWcMI"
        />
      </div>
    </div>
    <div
      className="sc-htpNat KjgwS"
      data-nextspace={true}
    >
      <div
        className="sc-bxivhb gmmjKU"
      >
        <div
          className="sc-htoDjs jqJPFL"
        >
          2
          .
        </div>
        <div
          className="sc-ifAKCX hbvzua"
        >
          11:10
           - 
          12:50
        </div>
        <div
          className="sc-EHOje jZdre"
        />
        <div
          className="sc-bZQynM gFbXoq"
        >
          <div
            className="sc-gzVnrw bgGAJS"
          >
            <div
              className="sc-dnqmqq fiwbuD"
              color="gray"
            >
              Fin
            </div>
          </div>
        </div>
      </div>
      <div
        className="sc-bdVaJa hgiEXr"
      >
        <div
          className="sc-bwzfXH ccWcMI"
        />
      </div>
    </div>
    <div
      className="sc-htpNat KjgwS"
      data-nextspace={false}
    >
      <div
        className="sc-bxivhb gmmjKU"
      >
        <div
          className="sc-htoDjs jqJPFL"
        >
          3
          .
        </div>
        <div
          className="sc-ifAKCX hbvzua"
        >
          13:40
           - 
          15:20
        </div>
        <div
          className="sc-EHOje jZdre"
        >
          <span>
            (
            25
            min)
          </span>
        </div>
        <div
          className="sc-bZQynM gFbXoq"
        >
          <div
            className="sc-gzVnrw bgGAJS"
          >
            <div
              className="sc-dnqmqq bjlFPx"
              color="#ebe971"
            >
              Now
            </div>
          </div>
        </div>
      </div>
      <div
        className="sc-bdVaJa hgiEXr"
      >
        <div
          className="sc-bwzfXH bEfBYg"
        />
      </div>
    </div>
    <div
      className="sc-htpNat KjgwS"
      data-nextspace={false}
    >
      <div
        className="sc-bxivhb gmmjKU"
      >
        <div
          className="sc-htoDjs jqJPFL"
        >
          4
          .
        </div>
        <div
          className="sc-ifAKCX hbvzua"
        >
          15:30
           - 
          17:10
        </div>
        <div
          className="sc-EHOje jZdre"
        />
        <div
          className="sc-bZQynM gFbXoq"
        >
          <div
            className="sc-gzVnrw bgGAJS"
          >
            <div
              className="sc-dnqmqq MWfZD"
              color="black"
            >
              
            </div>
          </div>
        </div>
      </div>
      <div
        className="sc-bdVaJa hgiEXr"
      >
        <div
          className="sc-bwzfXH kNOoWe"
        />
      </div>
    </div>
    <div
      className="sc-htpNat KjgwS"
      data-nextspace={true}
    >
      <div
        className="sc-bxivhb gmmjKU"
      >
        <div
          className="sc-htoDjs jqJPFL"
        >
          5
          .
        </div>
        <div
          className="sc-ifAKCX hbvzua"
        >
          17:20
           - 
          19:00
        </div>
        <div
          className="sc-EHOje jZdre"
        />
        <div
          className="sc-bZQynM gFbXoq"
        >
          <div
            className="sc-gzVnrw bgGAJS"
          >
            <div
              className="sc-dnqmqq MWfZD"
              color="black"
            >
              
            </div>
          </div>
        </div>
      </div>
      <div
        className="sc-bdVaJa hgiEXr"
      >
        <div
          className="sc-bwzfXH kNOoWe"
        />
      </div>
    </div>
    <div
      className="sc-htpNat KjgwS"
      data-nextspace={false}
    >
      <div
        className="sc-bxivhb gmmjKU"
      >
        <div
          className="sc-htoDjs jqJPFL"
        >
          d5
          .
        </div>
        <div
          className="sc-ifAKCX hbvzua"
        >
          18:00
           - 
          19:40
        </div>
        <div
          className="sc-EHOje jZdre"
        />
        <div
          className="sc-bZQynM gFbXoq"
        >
          <div
            className="sc-gzVnrw bgGAJS"
          >
            <div
              className="sc-dnqmqq MWfZD"
              color="black"
            >
              
            </div>
          </div>
        </div>
      </div>
      <div
        className="sc-bdVaJa hgiEXr"
      >
        <div
          className="sc-bwzfXH kNOoWe"
        />
      </div>
    </div>
    <div
      className="sc-htpNat KjgwS"
      data-nextspace={false}
    >
      <div
        className="sc-bxivhb gmmjKU"
      >
        <div
          className="sc-htoDjs jqJPFL"
        >
          d6
          .
        </div>
        <div
          className="sc-ifAKCX hbvzua"
        >
          19:50
           - 
          21:30
        </div>
        <div
          className="sc-EHOje jZdre"
        />
        <div
          className="sc-bZQynM gFbXoq"
        >
          <div
            className="sc-gzVnrw bgGAJS"
          >
            <div
              className="sc-dnqmqq MWfZD"
              color="black"
            >
              
            </div>
          </div>
        </div>
      </div>
      <div
        className="sc-bdVaJa hgiEXr"
      >
        <div
          className="sc-bwzfXH kNOoWe"
        />
      </div>
    </div>
    <p>
      閉館 22:30
    </p>
  </div>
</div>
`;
