// Jest Snapshot v1, https://goo.gl/fbAQLP

exports[`renders correctly 1`] = `
.c10 {
  width: 100%;
  height: 5px;
  background: #004645;
  border-radius: 5px;
}

.c11 {
  width: 100%;
  height: 100%;
  background: #a6c0bf;
  border-radius: 5px;
}

.c13 {
  width: 75%;
  height: 100%;
  background: #a6c0bf;
  border-radius: 5px;
}

.c15 {
  width: 0%;
  height: 100%;
  background: #a6c0bf;
  border-radius: 5px;
}

.c2 {
  margin-top: 10px;
}

.c2[data-nextspace='true'] {
  border-bottom: #717b8a dashed;
  padding-bottom: 5px;
}

.c3 {
  display: -webkit-box;
  display: -webkit-flex;
  display: -ms-flexbox;
  display: flex;
  font-size: 1.5em;
  font-weight: 700;
  padding: 2.5px 0;
}

.c5 {
  -webkit-flex: auto;
  -ms-flex: auto;
  flex: auto;
}

.c6 {
  font-size: 0.6em;
  -webkit-align-self: flex-end;
  -ms-flex-item-align: end;
  align-self: flex-end;
  padding-left: 5px;
}

.c7 {
  font-size: 0.6em;
  -webkit-align-self: flex-end;
  -ms-flex-item-align: end;
  align-self: flex-end;
}

.c8 {
  margin-left: 5px;
  display: -webkit-box;
  display: -webkit-flex;
  display: -ms-flexbox;
  display: flex;
}

.c4 {
  width: 50px;
  margin-left: 5px;
  color: #a6ccff;
}

.c9 {
  color: gray;
}

.c12 {
  color: #ebe971;
}

.c14 {
  color: black;
}

.c0 {
  padding: 10px;
  background: #0a1325;
  display: -webkit-box;
  display: -webkit-flex;
  display: -ms-flexbox;
  display: flex;
  -webkit-box-pack: center;
  -webkit-justify-content: center;
  -ms-flex-pack: center;
  justify-content: center;
}

.c1 {
  min-width: 300px;
  width: 100%;
  max-width: 600px;
}

.c1 > p {
  font-weight: 800;
}

<div
  className="c0"
>
  <div
    className="c1"
  >
    <p>
      開館 08:00
    </p>
    <div
      className="c2"
      data-nextspace={false}
    >
      <div
        className="c3"
      >
        <div
          className="c4"
        >
          1
          .
        </div>
        <div
          className="c5"
        >
          09:20
           - 
          11:00
        </div>
        <div
          className="c6"
        />
        <div
          className="c7"
        >
          <div
            className="c8"
          >
            <div
              className="c9"
              color="gray"
            >
              Fin
            </div>
          </div>
        </div>
      </div>
      <div
        className="c10"
      >
        <div
          className="c11"
        />
      </div>
    </div>
    <div
      className="c2"
      data-nextspace={true}
    >
      <div
        className="c3"
      >
        <div
          className="c4"
        >
          2
          .
        </div>
        <div
          className="c5"
        >
          11:10
           - 
          12:50
        </div>
        <div
          className="c6"
        />
        <div
          className="c7"
        >
          <div
            className="c8"
          >
            <div
              className="c9"
              color="gray"
            >
              Fin
            </div>
          </div>
        </div>
      </div>
      <div
        className="c10"
      >
        <div
          className="c11"
        />
      </div>
    </div>
    <div
      className="c2"
      data-nextspace={false}
    >
      <div
        className="c3"
      >
        <div
          className="c4"
        >
          3
          .
        </div>
        <div
          className="c5"
        >
          13:40
           - 
          15:20
        </div>
        <div
          className="c6"
        >
          <span>
            (
            25
            min)
          </span>
        </div>
        <div
          className="c7"
        >
          <div
            className="c8"
          >
            <div
              className="c12"
              color="#ebe971"
            >
              Now
            </div>
          </div>
        </div>
      </div>
      <div
        className="c10"
      >
        <div
          className="c13"
        />
      </div>
    </div>
    <div
      className="c2"
      data-nextspace={false}
    >
      <div
        className="c3"
      >
        <div
          className="c4"
        >
          4
          .
        </div>
        <div
          className="c5"
        >
          15:30
           - 
          17:10
        </div>
        <div
          className="c6"
        />
        <div
          className="c7"
        >
          <div
            className="c8"
          >
            <div
              className="c14"
              color="black"
            >
              
            </div>
          </div>
        </div>
      </div>
      <div
        className="c10"
      >
        <div
          className="c15"
        />
      </div>
    </div>
    <div
      className="c2"
      data-nextspace={true}
    >
      <div
        className="c3"
      >
        <div
          className="c4"
        >
          5
          .
        </div>
        <div
          className="c5"
        >
          17:20
           - 
          19:00
        </div>
        <div
          className="c6"
        />
        <div
          className="c7"
        >
          <div
            className="c8"
          >
            <div
              className="c14"
              color="black"
            >
              
            </div>
          </div>
        </div>
      </div>
      <div
        className="c10"
      >
        <div
          className="c15"
        />
      </div>
    </div>
    <div
      className="c2"
      data-nextspace={false}
    >
      <div
        className="c3"
      >
        <div
          className="c4"
        >
          d5
          .
        </div>
        <div
          className="c5"
        >
          18:00
           - 
          19:40
        </div>
        <div
          className="c6"
        />
        <div
          className="c7"
        >
          <div
            className="c8"
          >
            <div
              className="c14"
              color="black"
            >
              
            </div>
          </div>
        </div>
      </div>
      <div
        className="c10"
      >
        <div
          className="c15"
        />
      </div>
    </div>
    <div
      className="c2"
      data-nextspace={false}
    >
      <div
        className="c3"
      >
        <div
          className="c4"
        >
          d6
          .
        </div>
        <div
          className="c5"
        >
          19:50
           - 
          21:30
        </div>
        <div
          className="c6"
        />
        <div
          className="c7"
        >
          <div
            className="c8"
          >
            <div
              className="c14"
              color="black"
            >
              
            </div>
          </div>
        </div>
      </div>
      <div
        className="c10"
      >
        <div
          className="c15"
        />
      </div>
    </div>
    <p>
      閉館 22:30
    </p>
  </div>
</div>
`;
